frame=163437 fps=110 q=-0.0 q=-0.0 size=N/A time=01:53:36.65 bitrate=N/A speed=4.58x    
fps=109.83
stream_0_0_q=-0.0
stream_0_1_q=-0.0
bitrate=N/A
total_size=N/A
out_time_us=6816650000
out_time_ms=6816650000
out_time=01:53:36.650000
dup_frames=0
drop_frames=0
speed=4.58x
progress=continue
frame=163496 fps=110 q=-0.0 q=-0.0 size=N/A time=01:53:39.11 bitrate=N/A speed=4.58x    
fps=109.83
stream_0_0_q=-0.0
stream_0_1_q=-0.0
bitrate=N/A
total_size=N/A
out_time_us=6819111000
out_time_ms=6819111000
out_time=01:53:39.111000
dup_frames=0
drop_frames=0
speed=4.58x
progress=continue
frame=163551 fps=110 q=-0.0 q=-0.0 size=N/A time=01:53:41.40 bitrate=N/A speed=4.58x    
fps=109.83
stream_0_0_q=-0.0
stream_0_1_q=-0.0
bitrate=N/A
total_size=N/A
out_time_us=6821405000
out_time_ms=6821405000
out_time=01:53:41.405000
dup_frames=0
drop_frames=0
speed=4.58x
progress=continue
frame=163607 fps=110 q=-0.0 q=-0.0 size=N/A time=01:53:43.69 bitrate=N/A speed=4.58x    
fps=109.83
stream_0_0_q=-0.0
stream_0_1_q=-0.0
bitrate=N/A
total_size=N/A
out_time_us=6823699000
out_time_ms=6823699000
out_time=01:53:43.699000
dup_frames=0
drop_frames=0
speed=4.58x
progress=continue
frame=163659 fps=110 q=-0.0 q=-0.0 size=N/A time=01:53:45.90 bitrate=N/A speed=4.58x    
fps=109.83
stream_0_0_q=-0.0
stream_0_1_q=-0.0
bitrate=N/A
total_size=N/A
out_time_us=6825909000
out_time_ms=6825909000
out_time=01:53:45.909000
dup_frames=0
drop_frames=0
speed=4.58x
progress=continue
frame=163714 fps=110 q=-0.0 q=-0.0 size=N/A time=01:53:48.20 bitrate=N/A speed=4.58x    
fps=109.83
stream_0_0_q=-0.0
stream_0_1_q=-0.0
bitrate=N/A
total_size=N/A
out_time_us=6828203000
out_time_ms=6828203000
out_time=01:53:48.203000
dup_frames=0
drop_frames=0
speed=4.58x
progress=continue
frame=163769 fps=110 q=-0.0 q=-0.0 size=N/A time=01:53:50.49 bitrate=N/A speed=4.58x    
fps=109.83
stream_0_0_q=-0.0
stream_0_1_q=-0.0
bitrate=N/A
total_size=N/A
out_time_us=6830497000
out_time_ms=6830497000
out_time=01:53:50.497000
dup_frames=0
drop_frames=0
speed=4.58x
progress=continue
frame=163824 fps=110 q=-0.0 q=-0.0 size=N/A time=01:53:52.79 bitrate=N/A speed=4.58x    
fps=109.83
stream_0_0_q=-0.0
stream_0_1_q=-0.0
bitrate=N/A
total_size=N/A
out_time_us=6832791000
out_time_ms=6832791000
out_time=01:53:52.791000
dup_frames=0
drop_frames=0
speed=4.58x
progress=continue
frame=163878 fps=110 q=-0.0 q=-0.0 size=N/A time=01:53:55.04 bitrate=N/A speed=4.58x    
fps=109.83
stream_0_0_q=-0.0
stream_0_1_q=-0.0
bitrate=N/A
total_size=N/A
out_time_us=6835043000
out_time_ms=6835043000
out_time=01:53:55.043000
dup_frames=0
drop_frames=0
speed=4.58x
progress=continue
frame=163934 fps=110 q=-0.0 q=-0.0 size=N/A time=01:53:57.37 bitrate=N/A speed=4.58x    
fps=109.83
stream_0_0_q=-0.0
stream_0_1_q=-0.0
bitrate=N/A
total_size=N/A
out_time_us=6837379000
out_time_ms=6837379000
out_time=01:53:57.379000
dup_frames=0
drop_frames=0
speed=4.58x
progress=continue
frame=163990 fps=110 q=-0.0 q=-0.0 size=N/A time=01:53:59.67 bitrate=N/A speed=4.58x    
fps=109.83
stream_0_0_q=-0.0
stream_0_1_q=-0.0
bitrate=N/A
total_size=N/A
out_time_us=6839673000
out_time_ms=6839673000
out_time=01:53:59.673000
dup_frames=0
drop_frames=0
speed=4.58x
progress=continue
frame=164040 fps=110 q=-0.0 q=-0.0 size=N/A time=01:54:01.80 bitrate=N/A speed=4.58x    
fps=109.83
stream_0_0_q=-0.0
stream_0_1_q=-0.0
bitrate=N/A
total_size=N/A
out_time_us=6841800000
out_time_ms=6841800000
out_time=01:54:01.800000
dup_frames=0
drop_frames=0
speed=4.58x
progress=continue
frame=164091 fps=110 q=-0.0 q=-0.0 size=N/A time=01:54:03.92 bitrate=N/A speed=4.58x    
fps=109.83
stream_0_0_q=-0.0
stream_0_1_q=-0.0
bitrate=N/A
total_size=N/A
out_time_us=6843927000
out_time_ms=6843927000
out_time=01:54:03.927000
dup_frames=0
drop_frames=0
speed=4.58x
progress=continue
frame=164141 fps=110 q=-0.0 q=-0.0 size=N/A time=01:54:06.01 bitrate=N/A speed=4.58x    
fps=109.82
stream_0_0_q=-0.0
stream_0_1_q=-0.0
bitrate=N/A
total_size=N/A
out_time_us=6846013000
out_time_ms=6846013000
out_time=01:54:06.013000
dup_frames=0
drop_frames=0
speed=4.58x
progress=continue
frame=164192 fps=110 q=-0.0 q=-0.0 size=N/A time=01:54:08.14 bitrate=N/A speed=4.58x    
fps=109.82
stream_0_0_q=-0.0
stream_0_1_q=-0.0
bitrate=N/A
total_size=N/A
out_time_us=6848140000
out_time_ms=6848140000
out_time=01:54:08.140000
dup_frames=0
drop_frames=0
speed=4.58x
progress=continue
frame=164245 fps=110 q=-0.0 q=-0.0 size=N/A time=01:54:10.35 bitrate=N/A speed=4.58x    
fps=109.82
stream_0_0_q=-0.0
stream_0_1_q=-0.0
bitrate=N/A
total_size=N/A
out_time_us=6850350000
out_time_ms=6850350000
out_time=01:54:10.350000
dup_frames=0
drop_frames=0
speed=4.58x
progress=continue
frame=164301 fps=110 q=-0.0 q=-0.0 size=N/A time=01:54:12.64 bitrate=N/A speed=4.58x    
fps=109.82
stream_0_0_q=-0.0
stream_0_1_q=-0.0
bitrate=N/A
total_size=N/A
out_time_us=6852644000
out_time_ms=6852644000
out_time=01:54:12.644000
dup_frames=0
drop_frames=0
speed=4.58x
progress=continue
frame=164355 fps=110 q=-0.0 q=-0.0 size=N/A time=01:54:14.93 bitrate=N/A speed=4.58x    
fps=109.82
stream_0_0_q=-0.0
stream_0_1_q=-0.0
bitrate=N/A
total_size=N/A
out_time_us=6854938000
out_time_ms=6854938000
out_time=01:54:14.938000
dup_frames=0
drop_frames=0
speed=4.58x
progress=continue
frame=164412 fps=110 q=-0.0 q=-0.0 size=N/A time=01:54:17.31 bitrate=N/A speed=4.58x    
fps=109.82
stream_0_0_q=-0.0
stream_0_1_q=-0.0
bitrate=N/A
total_size=N/A
out_time_us=6857316000
out_time_ms=6857316000
out_time=01:54:17.316000
dup_frames=0
drop_frames=0
speed=4.58x
progress=continue
frame=164468 fps=110 q=-0.0 q=-0.0 size=N/A time=01:54:19.65 bitrate=N/A speed=4.58x    
fps=109.82
stream_0_0_q=-0.0
stream_0_1_q=-0.0
bitrate=N/A
total_size=N/A
out_time_us=6859651000
out_time_ms=6859651000
out_time=01:54:19.651000
dup_frames=0
drop_frames=0
speed=4.58x
progress=continue
frame=164522 fps=110 q=-0.0 q=-0.0 size=N/A time=01:54:21.90 bitrate=N/A speed=4.58x    
fps=109.82
stream_0_0_q=-0.0
stream_0_1_q=-0.0
bitrate=N/A
total_size=N/A
out_time_us=6861904000
out_time_ms=6861904000
out_time=01:54:21.904000
dup_frames=0
drop_frames=0
speed=4.58x
progress=continue
frame=164578 fps=110 q=-0.0 q=-0.0 size=N/A time=01:54:24.23 bitrate=N/A speed=4.58x    
fps=109.82
stream_0_0_q=-0.0
stream_0_1_q=-0.0
bitrate=N/A
total_size=N/A
out_time_us=6864239000
out_time_ms=6864239000
out_time=01:54:24.239000
dup_frames=0
drop_frames=0
speed=4.58x
progress=continue
frame=164631 fps=110 q=-0.0 q=-0.0 size=N/A time=01:54:26.45 bitrate=N/A speed=4.58x    
fps=109.82
stream_0_0_q=-0.0
stream_0_1_q=-0.0
bitrate=N/A
total_size=N/A
out_time_us=6866450000
out_time_ms=6866450000
out_time=01:54:26.450000
dup_frames=0
drop_frames=0
speed=4.58x
progress=continue
frame=164685 fps=110 q=-0.0 q=-0.0 size=N/A time=01:54:28.70 bitrate=N/A speed=4.58x    
fps=109.82
stream_0_0_q=-0.0
stream_0_1_q=-0.0
bitrate=N/A
total_size=N/A
out_time_us=6868702000
out_time_ms=6868702000
out_time=01:54:28.702000
dup_frames=0
drop_frames=0
speed=4.58x
progress=continue
frame=164737 fps=110 q=-0.0 q=-0.0 size=N/A time=01:54:30.87 bitrate=N/A speed=4.58x    
fps=109.82
stream_0_0_q=-0.0
stream_0_1_q=-0.0
bitrate=N/A
total_size=N/A
out_time_us=6870871000
out_time_ms=6870871000
out_time=01:54:30.871000
dup_frames=0
drop_frames=0
speed=4.58x
progress=continue
frame=164790 fps=110 q=-0.0 q=-0.0 size=N/A time=01:54:33.04 bitrate=N/A speed=4.58x    
fps=109.82
stream_0_0_q=-0.0
stream_0_1_q=-0.0
bitrate=N/A
total_size=N/A
out_time_us=6873040000
out_time_ms=6873040000
out_time=01:54:33.040000
dup_frames=0
drop_frames=0
speed=4.58x
progress=continue
frame=164842 fps=110 q=-0.0 q=-0.0 size=N/A time=01:54:35.25 bitrate=N/A speed=4.58x    
fps=109.81
stream_0_0_q=-0.0
stream_0_1_q=-0.0
bitrate=N/A
total_size=N/A
out_time_us=6875250000
out_time_ms=6875250000
out_time=01:54:35.250000
dup_frames=0
drop_frames=0
speed=4.58x
progress=continue
frame=164900 fps=110 q=-0.0 q=-0.0 size=N/A time=01:54:37.62 bitrate=N/A speed=4.58x    
fps=109.82
stream_0_0_q=-0.0
stream_0_1_q=-0.0
bitrate=N/A
total_size=N/A
out_time_us=6877628000
out_time_ms=6877628000
out_time=01:54:37.628000
dup_frames=0
drop_frames=0
speed=4.58x
progress=continue
frame=164956 fps=110 q=-0.0 q=-0.0 size=N/A time=01:54:40.00 bitrate=N/A speed=4.58x    
fps=109.82
stream_0_0_q=-0.0
stream_0_1_q=-0.0
bitrate=N/A
total_size=N/A
out_time_us=6880005000
out_time_ms=6880005000
out_time=01:54:40.005000
dup_frames=0
drop_frames=0
speed=4.58x
progress=continue
frame=165012 fps=110 q=-0.0 q=-0.0 size=N/A time=01:54:42.34 bitrate=N/A speed=4.58x    
fps=109.82
stream_0_0_q=-0.0
stream_0_1_q=-0.0
bitrate=N/A
total_size=N/A
out_time_us=6882341000
out_time_ms=6882341000
out_time=01:54:42.341000
dup_frames=0
drop_frames=0
speed=4.58x
progress=continue
frame=165062 fps=110 q=-0.0 q=-0.0 size=N/A time=01:54:44.42 bitrate=N/A speed=4.58x    
fps=109.81
stream_0_0_q=-0.0
stream_0_1_q=-0.0
bitrate=N/A
total_size=N/A
out_time_us=6884426000
out_time_ms=6884426000
out_time=01:54:44.426000
dup_frames=0
drop_frames=0
speed=4.58x
progress=continue
frame=165117 fps=110 q=-0.0 q=-0.0 size=N/A time=01:54:46.72 bitrate=N/A speed=4.58x    
fps=109.81
stream_0_0_q=-0.0
stream_0_1_q=-0.0
bitrate=N/A
total_size=N/A
out_time_us=6886720000
out_time_ms=6886720000
out_time=01:54:46.720000
dup_frames=0
drop_frames=0
speed=4.58x
progress=continue
frame=165170 fps=110 q=-0.0 q=-0.0 size=N/A time=01:54:48.93 bitrate=N/A speed=4.58x    
fps=109.81
stream_0_0_q=-0.0
stream_0_1_q=-0.0
bitrate=N/A
total_size=N/A
out_time_us=6888931000
out_time_ms=6888931000
out_time=01:54:48.931000
dup_frames=0
drop_frames=0
speed=4.58x
progress=continue
[Parsed_ssim_5 @ 0x7c02a0007c40] SSIM Y:0.946182 (12.690700) U:0.987718 (19.107287) V:0.984768 (18.172374) All:0.959535 (13.929249)
[Parsed_libvmaf_4 @ 0x7c02a0007840] VMAF score: 65.156472
[out#0/null @ 0x189d77c0] video:141978KiB audio:1292004KiB subtitle:0KiB other streams:0KiB global headers:0KiB muxing overhead: unknown
frame=165211 fps=110 q=-0.0 Lq=-0.0 size=N/A time=01:54:50.64 bitrate=N/A speed=4.58x    
frame=165211
fps=109.75
stream_0_0_q=-0.0
stream_0_1_q=-0.0
bitrate=N/A
total_size=N/A
out_time_us=6890641000
out_time_ms=6890641000
out_time=01:54:50.641000
dup_frames=0
drop_frames=0
speed=4.58x
progress=end